// Jest Snapshot v1, https://goo.gl/fbAQLP

exports[`dashboard tests matches snapshot? 1`] = `ReactWrapper {}`;
