// Jest Snapshot v1, https://goo.gl/fbAQLP

exports[`testing join form contains proper components 1`] = `ReactWrapper {}`;
