// Jest Snapshot v1, https://goo.gl/fbAQLP

exports[`login form tests matches snapshot? 1`] = `ReactWrapper {}`;
